


PGF90 (Version     14.9)          03/12/2015  00:11:52      page 1

Switches: -noasm -nodclchk -debug -nodlines -line -list
          -idir /opt/cray/hdf5/1.8.13/PGI/141/include
          -idir /opt/cray/mpt/7.0.4/gni/mpich2-pgi/141/include
          -idir /opt/cray/rca/1.0.0-2.0502.53711.3.127.ari/include
          -idir /opt/cray/xpmem/0.1-2.0502.55507.3.2.ari/include
          -idir /opt/cray/gni-headers/3.0-1.0502.9684.5.2.ari/include
          -idir /opt/cray/pmi/5.0.4-1.0000.10161.132.4.ari/include
          -idir /opt/cray/ugni/5.0-1.0502.9685.4.24.ari/include
          -idir /opt/cray/udreg/2.3.2-1.0502.9275.1.12.ari/include
          -idir /opt/cray/alps/5.2.1-2.0502.9072.13.1.ari/include
          -idir /opt/cray/wlm_detect/1.0-1.0502.53341.1.1.ari/include
          -idir /opt/cray/alps/5.2.1-2.0502.9072.13.1.ari/include
          -idir /opt/cray/krca/1.0.0-2.0502.53880.4.104.ari/include
          -idir /opt/cray-hss-devel/7.2.0/include
          -inform severe -opt 0 -nosave -object -noonetrip
          -depchk on -nostandard     
          -symbol -noupcase    

Filename: ../../../External/SharedModules/fexp.f90

(    1) FUNCTION fexp(x)
(    2) !-----------------------------------------------------------------------
(    3) !
(    4) !    File:         fexp
(    5) !    Module:       fexp
(    6) !    Type:         Function
(    7) !    Author:       S. W. Bruenn, Dept of Physics, FAU,
(    8) !                  Boca Raton, FL 33431-0991
(    9) !
(   10) !    Date:         7/28/02
(   11) !
(   12) !    Purpose:
(   13) !      To exponentiate a given value without over or underflow
(   14) !
(   15) !----------------------------------------------------------------------c
(   16) 
(   17) USE wlKindModule, ONLY: dp
(   18) 
(   19) IMPLICIT NONE
(   20) 
(   21) !-----------------------------------------------------------------------
(   22) !        Input variables.
(   23) !-----------------------------------------------------------------------
(   24) 
(   25) REAL(dp), INTENT(in)  :: x               ! function argument
(   26) 
(   27) !-----------------------------------------------------------------------
(   28) !        Output variables.
(   29) !-----------------------------------------------------------------------
(   30) 
(   31) REAL(dp)              :: fexp            ! declare function
(   32) 
(   33) !-----------------------------------------------------------------------
(   34) !        Local variables
(   35) !-----------------------------------------------------------------------
(   36) 
(   37) REAL(dp), PARAMETER   :: expmax = 300.d0 ! maximum absolute value of function argument
(   38) REAL(dp), PARAMETER   :: expmin = -300.d0 ! maximum absolute value of function argument
(   39) 






PGF90 (Version     14.9)          03/12/2015  00:11:52      page 2

(   40) !-----------------------------------------------------------------------
(   41) !-----------------------------------------------------------------------
(   42) 
(   43) fexp            = DEXP( DMIN1( expmax, DMAX1( expmin, x ) ) )
(   44) 
(   45) END FUNCTION fexp
