


PGF90 (Version     14.9)          03/12/2015  00:11:49      page 1

Switches: -noasm -nodclchk -debug -nodlines -line -list
          -idir /opt/cray/hdf5/1.8.13/PGI/141/include
          -idir /opt/cray/mpt/7.0.4/gni/mpich2-pgi/141/include
          -idir /opt/cray/rca/1.0.0-2.0502.53711.3.127.ari/include
          -idir /opt/cray/xpmem/0.1-2.0502.55507.3.2.ari/include
          -idir /opt/cray/gni-headers/3.0-1.0502.9684.5.2.ari/include
          -idir /opt/cray/pmi/5.0.4-1.0000.10161.132.4.ari/include
          -idir /opt/cray/ugni/5.0-1.0502.9685.4.24.ari/include
          -idir /opt/cray/udreg/2.3.2-1.0502.9275.1.12.ari/include
          -idir /opt/cray/alps/5.2.1-2.0502.9072.13.1.ari/include
          -idir /opt/cray/wlm_detect/1.0-1.0502.53341.1.1.ari/include
          -idir /opt/cray/alps/5.2.1-2.0502.9072.13.1.ari/include
          -idir /opt/cray/krca/1.0.0-2.0502.53880.4.104.ari/include
          -idir /opt/cray-hss-devel/7.2.0/include
          -inform severe -opt 0 -nosave -object -noonetrip
          -depchk on -nostandard     
          -symbol -noupcase    

Filename: ../../../External/LS/MAXWEL_MODULE.f90

(    1) !-----------------------------------------------------------------------
(    2) !    MODULE:       maxwel_module
(    3) !    Author:       S. W. Bruenn
(    4) !    Date:         11/20/02
(    5) !-----------------------------------------------------------------------
(    6) MODULE maxwel_module
(    7) 
(    8) USE wlKindModule, ONLY: double => dp
(    9) 
(   10) !-----------------------------------------------------------------------
(   11) !  Number of T points in each boundary
(   12) !-----------------------------------------------------------------------
(   13) 
(   14) INTEGER, PARAMETER                              :: NUMTMP = 201
(   15) 
(   16) !-----------------------------------------------------------------------
(   17) !  Number of Ye points in each boundary
(   18) !-----------------------------------------------------------------------
(   19) 
(   20) INTEGER, PARAMETER                              :: NUMYE = 49
(   21) 
(   22) !-----------------------------------------------------------------------
(   23) !  Number of points in alpha-nuclei boundary
(   24) !-----------------------------------------------------------------------
(   25) 
(   26) INTEGER, PARAMETER                              :: NBPNTS = 101
(   27) INTEGER, PARAMETER                              :: NUMLOW = 51
(   28) INTEGER, PARAMETER                              :: NUMHI = 51
(   29) 
(   30) !-----------------------------------------------------------------------
(   31) !  Baryon densities
(   32) !-----------------------------------------------------------------------
(   33) 
(   34) REAL(KIND=double), DIMENSION(NUMTMP,NUMYE)      :: BRYLOW
(   35) REAL(KIND=double), DIMENSION(NUMTMP,NUMYE)      :: BRYHI
(   36) REAL(KIND=double)                               :: LOWDNS, HIDNS, DNS_1, DNS_2
(   37) REAL(KIND=double)                               :: DNL_DT, DNH_DT, DNL_DY, DNH_DY
(   38) REAL(KIND=double), PARAMETER                    :: LNLOW = -8.92D+00
(   39) REAL(KIND=double), PARAMETER                    :: LNHI = -0.92D+00






PGF90 (Version     14.9)          03/12/2015  00:11:49      page 2

(   40) REAL(KIND=double), PARAMETER                    :: LNCUT = -2.92D+00
(   41) REAL(KIND=double)                               :: LNMINS, LNPLUS
(   42) REAL(KIND=double)                               :: LOGBRY, LOGBCH, DLTLN1, DLTLN2, LNFRAC
(   43) REAL(KIND=double), PARAMETER                    :: YLOW = 0.16D+00
(   44) REAL(KIND=double), PARAMETER                    :: YHI = 0.51D+00
(   45) REAL(KIND=double), PARAMETER                    :: Y_CUT = 0.155D+00
(   46) REAL(KIND=double)                               :: TCHK_B, TCHK_N, T_MXWL, D_MXWL
(   47) 
(   48) !-----------------------------------------------------------------------
(   49) !  Highest temperatures where Coexistence of bulk and nuclear phases occurs
(   50) !-----------------------------------------------------------------------
(   51) 
(   52) REAL(KIND=double), DIMENSION(NUMYE)             :: T_H
(   53) REAL(KIND=double), DIMENSION(NUMYE)             :: D_H
(   54) 
(   55) !-----------------------------------------------------------------------
(   56) !  Arrays containing number of boundary points
(   57) !-----------------------------------------------------------------------
(   58) 
(   59) REAL(KIND=double), DIMENSION(NBPNTS,NUMYE)      :: LBOUND
(   60) REAL(KIND=double), DIMENSION(NBPNTS,NUMYE)      :: UBOUND
(   61) 
(   62) !-----------------------------------------------------------------------
(   63) !  Minimum density code will work at
(   64) !-----------------------------------------------------------------------
(   65) 
(   66) REAL(KIND=double), PARAMETER                    :: MINDNS = 1.0D-10
(   67) 
(   68) REAL(KIND=double)                               :: NEWDNS
(   69) REAL(KIND=double)                               :: T_LOW, T_HI, TFRAC
(   70) REAL(KIND=double)                               :: Y_LOW, Y_LOW2, Y_HI, Y_HI2, YFRAC, YCH, YCUT
(   71) REAL(KIND=double)                               :: LNL, LNH, LNC
(   72) 
(   73) REAL(KIND=double)                               :: YMINUS, YPLUS, YINTRP, TMINUS, TPLUS, TINTRP
(   74) REAL(KIND=double)                               :: DELT_Y, DELT_T
(   75) INTEGER                                         :: I_MXWL, J_MXWL
(   76) INTEGER                                         :: I_BD, I_BNDY, J_BD, J_BNDY
(   77) 
(   78) !-----------------------------------------------------------------------
(   79) !  Total chemical potential
(   80) !-----------------------------------------------------------------------
(   81) 
(   82) REAL(KIND=double)                               :: MUTILD, MUTLOW, MUTHI
(   83) 
(   84) !-----------------------------------------------------------------------
(   85) !  Total pressure
(   86) !-----------------------------------------------------------------------
(   87) 
(   88) REAL(KIND=double)                               :: PRTILD, PRLOW, PRHI
(   89) 
(   90) !-----------------------------------------------------------------------
(   91) !  Muhat
(   92) !-----------------------------------------------------------------------
(   93) 
(   94) REAL(KIND=double)                               :: MUHLOW, MUHHI
(   95) 
(   96) !-----------------------------------------------------------------------
(   97) !  Electron chemical potential






PGF90 (Version     14.9)          03/12/2015  00:11:49      page 3

(   98) !-----------------------------------------------------------------------
(   99) 
(  100) REAL(KIND=double)                               :: MUELOW, MUEHI
(  101) 
(  102) !-----------------------------------------------------------------------
(  103) !  Total entropy per baryon
(  104) !-----------------------------------------------------------------------
(  105) 
(  106) REAL(KIND=double)                               :: S_LOW, S_HI
(  107) 
(  108) !-----------------------------------------------------------------------
(  109) !  Total free energy density
(  110) !-----------------------------------------------------------------------
(  111) 
(  112) REAL(KIND=double)                               :: F_LOW, F_HI
(  113) 
(  114) !-----------------------------------------------------------------------
(  115) !  Phase fraction
(  116) !-----------------------------------------------------------------------
(  117) 
(  118) REAL(KIND=double)                               :: PHASEF
(  119) 
(  120) END MODULE maxwel_module
