


PGF90 (Version     14.9)          03/12/2015  00:11:50      page 1

Switches: -noasm -nodclchk -debug -nodlines -line -list
          -idir /opt/cray/hdf5/1.8.13/PGI/141/include
          -idir /opt/cray/mpt/7.0.4/gni/mpich2-pgi/141/include
          -idir /opt/cray/rca/1.0.0-2.0502.53711.3.127.ari/include
          -idir /opt/cray/xpmem/0.1-2.0502.55507.3.2.ari/include
          -idir /opt/cray/gni-headers/3.0-1.0502.9684.5.2.ari/include
          -idir /opt/cray/pmi/5.0.4-1.0000.10161.132.4.ari/include
          -idir /opt/cray/ugni/5.0-1.0502.9685.4.24.ari/include
          -idir /opt/cray/udreg/2.3.2-1.0502.9275.1.12.ari/include
          -idir /opt/cray/alps/5.2.1-2.0502.9072.13.1.ari/include
          -idir /opt/cray/wlm_detect/1.0-1.0502.53341.1.1.ari/include
          -idir /opt/cray/alps/5.2.1-2.0502.9072.13.1.ari/include
          -idir /opt/cray/krca/1.0.0-2.0502.53880.4.104.ari/include
          -idir /opt/cray-hss-devel/7.2.0/include
          -inform severe -opt 0 -nosave -object -noonetrip
          -depchk on -nostandard     
          -symbol -noupcase    

Filename: ../../../External/SharedModules/wlExtPhysicalConstantsModule.f90

(    1) !***********************************************************************
(    2) !
(    3) ! Physical constants module
(    4) !
(    5) !***********************************************************************
(    6) 
(    7) MODULE wlExtPhysicalConstantsModule
(    8) 
(    9)   USE wlKindModule, ONLY: dp
(   10)   USE wlExtNumericalModule, ONLY: pi
(   11) 
(   12)   REAL(dp), PARAMETER  :: Gw        = 1.027d-5      ! weak interaction constant (proton mass).
(   13) 
(   14)   REAL(dp), PARAMETER  :: Gw_MeV    = 1.16636d-11   ! weak interaction constant [MeV].
(   15) 
(   16)   REAL(dp), PARAMETER  :: sin2W     = 0.23116d+00   ! weak mixing angle.
(   17) 
(   18)   REAL(dp), PARAMETER  :: gv        = 1.0d+00       ! Fermi beta decay constant. This is unity as
(   19) !                                                       the coupling for Fermi decay is absorbed 
(   20) !                                                       by the weak interaction constant.
(   21) 
(   22)   REAL(dp), PARAMETER  :: ga        = 1.21d+00      ! Gamow-Teller beta decay constant. This is 
(   23) !                                                       not unity as the oupling for Gamow-Teller
(   24) !                                                       decay is renormalized. 
(   25) 
(   26)   REAL(dp), PARAMETER  :: cv        = 0.96d+00      ! weak interaction constant, which in the 
(   27) !                                                       standard model is given by
(   28) !                                                               1       2
(   29) !                                                          cv = _ + 2sin (W)
(   30) !                                                               2
(   31) !                                                       where W is the 'Weinberg angle'.  
(   32) 
(   33)   REAL(dp), PARAMETER  :: ca        = 0.5d+00       ! weak interaction constant, which in the 
(   34) !                                                       standard model is given by
(   35) !                                                          cv = 1/2 .
(   36) 
(   37)   REAL(dp), PARAMETER  :: mu_p      = 1.79285d0     ! anomalous proton magnetic moment
(   38) 
(   39)   REAL(dp), PARAMETER  :: mu_n      = -1.91304d0    ! anomalous neutron magnetic moment






PGF90 (Version     14.9)          03/12/2015  00:11:50      page 2

(   40) 
(   41)   REAL(dp), PARAMETER  :: cvel      = 2.99792d+10   ! velocity of light [cm s^{-1}]
(   42) 
(   43)   REAL(dp), PARAMETER  :: cvel_inv  = 1.d0/cvel     ! 1/( velocity of light [cm s^{-1}])
(   44) 
(   45)   REAL(dp), PARAMETER  :: h         = 4.13567d-21   ! Planck's constant [MeV s]
(   46) 
(   47)   REAL(dp), PARAMETER  :: hbar      = h/( 2.d0*pi ) ! Planck's constant divided by 2*pi [MeV s]
(   48) 
(   49)   REAL(dp), PARAMETER  :: hbarc     = 197.327d+00   ! hbar * c (GeV fm)
(   50) 
(   51)   REAL(dp), PARAMETER  :: g         = 6.67384d-08   ! Gravitational constant [dynes cm^{2} g^{-2}]
(   52) 
(   53)   REAL(dp), PARAMETER  :: ergmev    = 1.602177d-6   ! ergs per MeV
(   54) 
(   55)   REAL(dp), PARAMETER  :: ergfoe    = 1.d-51        ! ergs/s per foe
(   56) 
(   57)   REAL(dp), PARAMETER  :: kmev      = 8.61733d-11   ! Boltzmann's constant [MeV K^{-1}]
(   58) 
(   59)   REAL(dp), PARAMETER  :: kmev_inv  = 1.d0/kmev     ! Boltzmann's constant inverse [K MeV^{-1}]
(   60) 
(   61)   REAL(dp), PARAMETER  :: cm3fm3    = 1.d-39        ! cm**3/fm**3
(   62) 
(   63)   REAL(dp), PARAMETER  :: avn       = 6.022141d+23  ! avogadro's number
(   64) 
(   65)   REAL(dp), PARAMETER  :: rmu       = 1.67378d-24   ! mean baryon mass [g]
(   66) 
(   67)   REAL(dp), PARAMETER  :: me        = 0.510998d+00  ! electron mass [MeV]
(   68) 
(   69)   REAL(dp), PARAMETER  :: mp        = 938.272d+00   ! proton mass [MeV]
(   70) 
(   71)   REAL(dp), PARAMETER  :: mn        = 939.565d+00   ! neutron mass [MeV]
(   72) 
(   73)   REAL(dp), PARAMETER  :: mb        = 938.919d+00   ! baryon mass [MeV]
(   74) 
(   75)   REAL(dp), PARAMETER  :: mp_ex     = 7.2889705d+00 ! proton mass excess [MeV]
(   76) 
(   77)   REAL(dp), PARAMETER  :: mn_ex     = 8.0713171d+00 ! neutron mass excess [MeV]
(   78) 
(   79)   REAL(dp), PARAMETER  :: dmnp      = 1.29333d+00   ! mn - mp
(   80) 
(   81)   REAL(dp), PARAMETER  :: msolar    = 1.98855d+33   ! mass of the sun [g]
(   82) 
(   83)   REAL(dp), PARAMETER  :: gamhv     = 2.5d+00       ! mass of the sun [g]
(   84) 
(   85)   REAL(dp), PARAMETER  :: wnm       = - 16.0d+00    ! mass of the sun [g]
(   86) 
(   87)   REAL(dp), PARAMETER  :: ws        = 31.5d+00      ! mass of the sun [g]
(   88) 
(   89)   REAL(dp), PARAMETER  :: xk0       = 180.0d+00     ! mass of the sun [g]
(   90) 
(   91)   REAL(dp), PARAMETER  :: xkzafac   = 2.0d+00       ! mass of the sun [g]
(   92) 
(   93)   REAL(dp), PARAMETER  :: asig      = 8.56345d-8    ! radiation constant [MeV fm^{-3} MeV^{-4}]
(   94) 
(   95)   REAL(dp), PARAMETER  :: kfm       = cm3fm3/rmu    ! # nucleons/gram )( cm3/fm3 ) [g^{-1} cm^{3} fm^{-3}]
(   96) 
(   97)   REAL(dp), PARAMETER  :: kp        = ergmev/cm3fm3 ! ( erg/cm3 ) / ( mev/fm3 ) [erg cm^{-3} MeV^{-1} fm^{3}]






PGF90 (Version     14.9)          03/12/2015  00:11:50      page 3

(   98) 
(   99)   REAL(dp), PARAMETER  :: ku        = ergmev/rmu    ! ( # nucleons/gram )( erg/mev ) [g^{-1} erg MeV^{-1}]
(  100) 
(  101)   REAL(dp), PARAMETER  :: cv_p      = 0.5d0 - 2.d0 * sin2W    ! vector current neutrino-proton coupling constant
(  102) 
(  103)   REAL(dp), PARAMETER  :: cv_n      = - 0.5d0       ! vector current neutrino-neutron coupling constant
(  104) 
(  105)   REAL(dp), PARAMETER  :: ca_p      = ga/2.d0       ! axial vector current neutrino-proton coupling constant
(  106) 
(  107)   REAL(dp), PARAMETER  :: ca_n      = -ga/2.d0      ! axial vector current neutrino-neutron coupling constant
(  108) 
(  109) 
(  110) ! Constant combinations for weak magnetism corrections
(  111) 
(  112)   REAL(dp), PARAMETER  :: CV_p2     = CV_p * CV_p
(  113) 
(  114)   REAL(dp), PARAMETER  :: CV_n2     = CV_n * CV_n
(  115) 
(  116)   REAL(dp), PARAMETER  :: CA_p2     = CA_p * CA_p
(  117) 
(  118)   REAL(dp), PARAMETER  :: CA_n2     = CA_n * CA_n
(  119) 
(  120)   REAL(dp), PARAMETER  :: F2_p      = 0.5d0 * ( mu_p - mu_n ) - 2.d0 * sin2W * mu_p    ! proton form factor
(  121) 
(  122)   REAL(dp), PARAMETER  :: F2_n      = -0.5d0 * ( mu_p - mu_n ) - 2.d0 * sin2W * mu_n    ! neutron form factor
(  123) 
(  124)   REAL(dp), PARAMETER  :: CV_F2CA_p = (CV_p + F2_p) * CA_p
(  125) 
(  126)   REAL(dp), PARAMETER  :: CV_F2CA_n = (CV_n + F2_n) * CA_n
(  127) 
(  128)   REAL(dp), PARAMETER  :: CVF2_p    = CV_p * F2_p
(  129) 
(  130)   REAL(dp), PARAMETER  :: CVF2_n    = CV_n * F2_n
(  131) 
(  132)   REAL(dp), PARAMETER  :: F22_p     = F2_p * F2_p
(  133) 
(  134)   REAL(dp), PARAMETER  :: F22_n     = F2_n * F2_n
(  135) 
(  136)   REAL(dp), PARAMETER  :: CV5CA_p   = ( 2.d0/3.d0 ) * ( CV_p2 + 5.d0 * CA_p2 )
(  137) 
(  138)   REAL(dp), PARAMETER  :: CV5CA_n   = ( 2.d0/3.d0 ) * ( CV_n2 + 5.d0 * CA_n2 )
(  139) 
(  140)   PUBLIC
(  141) 
(  142) END MODULE wlExtPhysicalConstantsModule
(  143) 
