


PGF90 (Version     14.9)          03/12/2015  00:11:53      page 1

Switches: -noasm -nodclchk -debug -nodlines -line -list
          -idir /opt/cray/hdf5/1.8.13/PGI/141/include
          -idir /opt/cray/mpt/7.0.4/gni/mpich2-pgi/141/include
          -idir /opt/cray/rca/1.0.0-2.0502.53711.3.127.ari/include
          -idir /opt/cray/xpmem/0.1-2.0502.55507.3.2.ari/include
          -idir /opt/cray/gni-headers/3.0-1.0502.9684.5.2.ari/include
          -idir /opt/cray/pmi/5.0.4-1.0000.10161.132.4.ari/include
          -idir /opt/cray/ugni/5.0-1.0502.9685.4.24.ari/include
          -idir /opt/cray/udreg/2.3.2-1.0502.9275.1.12.ari/include
          -idir /opt/cray/alps/5.2.1-2.0502.9072.13.1.ari/include
          -idir /opt/cray/wlm_detect/1.0-1.0502.53341.1.1.ari/include
          -idir /opt/cray/alps/5.2.1-2.0502.9072.13.1.ari/include
          -idir /opt/cray/krca/1.0.0-2.0502.53880.4.104.ari/include
          -idir /opt/cray-hss-devel/7.2.0/include
          -inform severe -opt 0 -nosave -object -noonetrip
          -depchk on -nostandard     
          -symbol -noupcase    

Filename: ../../../External/EOSInterface/wlExtInitializeEOS.f90

(    1) SUBROUTINE wlExtInitializeEOS( LSFilePath, LScompress )
(    2) 
(    3) !-- Initialize Equations of state and load required input data files
(    4) 
(    5)   CHARACTER(len=*), INTENT(in) :: LSFilePath
(    6)   CHARACTER(len=3), INTENT(in) :: LScompress
(    7) 
(    8) !-- Initialize BCK equation of state
(    9) 
(   10)   CALL eos0
(   11) 
(   12) !-- Initialize Lattimer-Swesty equation of state
(   13) 
(   14)   CALL loadmx( LSFilePath, LScompress )
(   15) 
(   16) END SUBROUTINE wlExtInitializeEOS
