


PGF90 (Version     14.9)          03/12/2015  00:14:51      page 1

Switches: -noasm -nodclchk -debug -nodlines -line -list
          -idir /opt/cray/hdf5/1.8.13/PGI/141/include
          -idir /opt/cray/mpt/7.0.4/gni/mpich2-pgi/141/include
          -idir /opt/cray/rca/1.0.0-2.0502.53711.3.127.ari/include
          -idir /opt/cray/xpmem/0.1-2.0502.55507.3.2.ari/include
          -idir /opt/cray/gni-headers/3.0-1.0502.9684.5.2.ari/include
          -idir /opt/cray/pmi/5.0.4-1.0000.10161.132.4.ari/include
          -idir /opt/cray/ugni/5.0-1.0502.9685.4.24.ari/include
          -idir /opt/cray/udreg/2.3.2-1.0502.9275.1.12.ari/include
          -idir /opt/cray/alps/5.2.1-2.0502.9072.13.1.ari/include
          -idir /opt/cray/wlm_detect/1.0-1.0502.53341.1.1.ari/include
          -idir /opt/cray/alps/5.2.1-2.0502.9072.13.1.ari/include
          -idir /opt/cray/krca/1.0.0-2.0502.53880.4.104.ari/include
          -idir /opt/cray-hss-devel/7.2.0/include
          -inform severe -opt 0 -nosave -object -noonetrip
          -depchk on -nostandard     
          -symbol -noupcase    

Filename: ../../../Distributions/Source/wlIOModuleCHIMERA.f90

(    1) MODULE wlIOModuleCHIMERA
(    2) 
(    3)   USE wlKindModule, ONLY: dp
(    4)   !USE wlThermoStateModule
(    5)   !USE wlDependentVariablesModule
(    6)   !USE wlEquationOfStateTableModule
(    7) 
(    8)   implicit none
(    9) 
(   10)   PUBLIC ReadChimeraProfile1D 
(   11) 
(   12) CONTAINS
(   13) 
(   14)   SUBROUTINE ReadChimeraProfile1D( FileName, MaxZone, rho, T, Ye, SkipLinesOption )
(   15) 
(   16)     CHARACTER(len=*), INTENT(in) :: FileName
(   17)     INTEGER, INTENT(in)          :: MaxZone
(   18)     INTEGER, INTENT(in), OPTIONAL :: SkipLinesOption
(   19)     REAL(dp), DIMENSION(:), INTENT(out) :: rho, T, Ye
(   20) 
(   21)     INTEGER :: i
(   22)     INTEGER :: j, FileUnit, SkipLines
(   23)     LOGICAL, DIMENSION(MaxZone) :: L, shock
(   24)     CHARACTER(len=1), DIMENSION(MaxZone) :: nnse, EOS
(   25)     REAL(dp), DIMENSION(MaxZone) :: u, v, w, r, dr, dummy14, flat, lum, &
(   26)                                            rstmss, Tmev, s, ah
(   27) 
(   28)     257 FORMAT (1x,i4,6es11.3,a1,es11.3,L3,es11.3,es14.6,4(es11.3),es10.2,a1,es11.3,2x,a1)
(   29) 
(   30)     SkipLines = 0
(   31)     IF ( Present ( SkipLinesOption ) ) &
(   32)       SkipLines = SkipLinesOption
(   33) 
(   34)     OPEN(unit = FileUnit, file = FileName, status ="old" )
(   35) 
(   36)     DO i = 1, SkipLines
(   37)       READ(FileUnit,*)
(   38)     END DO
(   39) 






PGF90 (Version     14.9)          03/12/2015  00:14:51      page 2

(   40)     DO i = MaxZone, 1, -1
(   41)       READ(FileUnit, 257) j, u(i), v(i), w(i), r(i), dr(i), dummy14(i), shock(i), &
(   42)                           flat(i), L(i), lum(i), rstmss(i), rho(i), Tmev(i),   &
(   43)                           T(i), s(i), ah(i), nnse(i), Ye(i), EOS(i)
(   44) 
(   45)     END DO
(   46) 
(   47)     CLOSE(FileUnit)
(   48) 
(   49)   END SUBROUTINE ReadChimeraProfile1D
(   50) 
(   51) END MODULE wlIOModuleCHIMERA
